Duplicate assignment for record component com/mojang/blaze3d/vulkan/glsl/IntermediaryShaderModule;nameLjava/lang/String;
Demoting record getter com/mojang/blaze3d/vulkan/glsl/IntermediaryShaderModule;lambda$createVulkanShaderModule$0()Ljava/lang/String; due to conflicts
Demoting record getter com/mojang/blaze3d/vulkan/glsl/IntermediaryShaderModule;name()Ljava/lang/String; due to conflicts
Promoting com/mojang/blaze3d/vulkan/glsl/IntermediaryShaderModule;name()Ljava/lang/String; as record getter for nameLjava/lang/String;
Demoting record getter com/mojang/realmsclient/client/RealmsError$CustomError;errorCode()I
Demoting record getter com/mojang/realmsclient/client/RealmsError$ErrorWithJsonPayload;errorCode()I
Demoting record getter com/mojang/realmsclient/client/RealmsError$ErrorWithRawPayload;errorCode()I
Demoting record getter net/minecraft/advancements/predicates/CollectionContentsPredicate$Multiple;unpack()Ljava/util/List;
Demoting record getter net/minecraft/advancements/predicates/CollectionCountsPredicate$Multiple;unpack()Ljava/util/List;
Demoting record getter net/minecraft/client/gui/font/AtlasGlyphProvider$Instance;textureView()Lcom/mojang/blaze3d/textures/GpuTextureView;
Promoting net/minecraft/client/gui/font/AtlasGlyphProvider$Instance;textureView()Lcom/mojang/blaze3d/textures/GpuTextureView; as record getter for textureViewLcom/mojang/blaze3d/textures/GpuTextureView;
Demoting record getter net/minecraft/client/gui/font/EmptyArea;activeLeft()F
Demoting record getter net/minecraft/client/gui/font/glyphs/BakedSheetGlyph$EffectInstance;left()F
Demoting record getter net/minecraft/client/gui/font/glyphs/BakedSheetGlyph$EffectInstance;top()F
Demoting record getter net/minecraft/client/input/KeyEvent;input()I
Demoting record getter net/minecraft/client/input/MouseButtonInfo;input()I
Demoting record getter net/minecraft/client/multiplayer/chat/LoggedChatMessage$System;toContentComponent()Lnet/minecraft/network/chat/Component;
Demoting record getter net/minecraft/client/renderer/PostPass$TextureInput;bilinear()Z
Promoting net/minecraft/client/renderer/PostPass$TextureInput;bilinear()Z as record getter for bilinearZ
Demoting record getter net/minecraft/commands/arguments/coordinates/WorldCoordinate;isRelative()Z
Demoting record getter net/minecraft/core/ClientAsset$DownloadedTexture;id()Lnet/minecraft/resources/Identifier;
Demoting record getter net/minecraft/nbt/ByteTag;intValue()I
Demoting record getter net/minecraft/nbt/ByteTag;byteValue()B
Demoting record getter net/minecraft/nbt/DoubleTag;doubleValue()D
Demoting record getter net/minecraft/nbt/FloatTag;floatValue()F
Demoting record getter net/minecraft/nbt/IntTag;intValue()I
Demoting record getter net/minecraft/nbt/LongTag;longValue()J
Demoting record getter net/minecraft/nbt/ShortTag;intValue()I
Demoting record getter net/minecraft/nbt/ShortTag;shortValue()S
Demoting record getter net/minecraft/network/chat/OutgoingChatMessage$Disguised;content()Lnet/minecraft/network/chat/Component;
Promoting net/minecraft/network/chat/OutgoingChatMessage$Disguised;content()Lnet/minecraft/network/chat/Component; as record getter for contentLnet/minecraft/network/chat/Component;
Demoting record getter net/minecraft/network/syncher/EntityDataAccessor;hashCode()I
Demoting record getter net/minecraft/server/network/ConfigurationTask$Type;toString()Ljava/lang/String;
Demoting record getter net/minecraft/server/packs/OverlayMetadataSection$OverlayEntry$IntermediateEntry;toString()Ljava/lang/String;
Demoting record getter net/minecraft/util/CubicSpline$Constant;minValue()F
Demoting record getter net/minecraft/util/CubicSpline$Constant;maxValue()F
Demoting record getter net/minecraft/util/ProblemReporter$RootFieldPathElement;get()Ljava/lang/String;
Promoting net/minecraft/util/valueproviders/ClampedInt;minInclusive()I as record getter for minInclusiveI
Promoting net/minecraft/util/valueproviders/ClampedInt;maxInclusive()I as record getter for maxInclusiveI
Demoting record getter net/minecraft/util/valueproviders/ConstantFloat;min()F
Demoting record getter net/minecraft/util/valueproviders/ConstantFloat;max()F
Demoting record getter net/minecraft/util/valueproviders/ConstantInt;minInclusive()I
Demoting record getter net/minecraft/util/valueproviders/ConstantInt;maxInclusive()I
Demoting record getter net/minecraft/world/item/ItemStackTemplate;typeHolder()Lnet/minecraft/core/Holder;
Demoting record getter net/minecraft/world/item/TooltipFlag$Default;isAdvanced()Z
Demoting record getter net/minecraft/world/item/TooltipFlag$Default;isCreative()Z
Promoting net/minecraft/world/item/alchemy/PotionContents;customEffects()Ljava/util/List; as record getter for customEffectsLjava/util/List;
Demoting record getter net/minecraft/world/level/SpawnData;getEntityToSpawn()Lnet/minecraft/nbt/CompoundTag;
Demoting record getter net/minecraft/world/level/SpawnData;getCustomSpawnRules()Ljava/util/Optional;
Demoting record getter net/minecraft/world/level/SpawnData;getEquipment()Ljava/util/Optional;
Promoting net/minecraft/world/level/block/entity/vault/VaultConfig;playerDetector()Lnet/minecraft/world/level/block/entity/trialspawner/PlayerDetector; as record getter for playerDetectorLnet/minecraft/world/level/block/entity/trialspawner/PlayerDetector;
Demoting record getter net/minecraft/world/level/chunk/Configuration$Simple;bitsInMemory()I
Demoting record getter net/minecraft/world/level/chunk/Configuration$Simple;bitsInStorage()I
Demoting record getter net/minecraft/world/level/gameevent/GameEvent;notificationRadius()I
Promoting net/minecraft/world/level/gameevent/GameEvent;notificationRadius()I as record getter for notificationRadiusI
Demoting record getter net/minecraft/world/level/gamerules/GameRuleCategory;getDescriptionId()Lnet/minecraft/resources/Identifier;
Demoting record getter net/minecraft/world/level/levelgen/DensityFunctions$Ap2;minValue()D
Demoting record getter net/minecraft/world/level/levelgen/DensityFunctions$Ap2;maxValue()D
Promoting net/minecraft/world/level/levelgen/DensityFunctions$Ap2;maxValue()D as record getter for maxValueD
Promoting net/minecraft/world/level/levelgen/DensityFunctions$Ap2;minValue()D as record getter for minValueD
Demoting record getter net/minecraft/world/level/levelgen/DensityFunctions$Constant;minValue()D
Demoting record getter net/minecraft/world/level/levelgen/DensityFunctions$Constant;maxValue()D
Demoting record getter net/minecraft/world/level/levelgen/DensityFunctions$MulOrAdd;argument2()Lnet/minecraft/world/level/levelgen/DensityFunction;
Demoting record getter net/minecraft/world/level/levelgen/NoiseGeneratorSettings;disableMobGeneration()Z
Promoting net/minecraft/world/level/levelgen/NoiseGeneratorSettings;oreVeinsEnabled()Z as record getter for oreVeinsEnabledZ
Promoting net/minecraft/world/level/levelgen/NoiseGeneratorSettings;disableMobGeneration()Z as record getter for disableMobGenerationZ
Read 10832 (6983) classes.
Populated subclass entries.
Joining MethodEntries...
Joined 19393 MethodEntries (0 unique, 11073 classes).
Collecting additional information...
- Done. -
Duplicate assignment for record component com/mojang/blaze3d/vulkan/glsl/IntermediaryShaderModule;nameLjava/lang/String;
Demoting record getter com/mojang/blaze3d/vulkan/glsl/IntermediaryShaderModule;lambda$createVulkanShaderModule$0()Ljava/lang/String; due to conflicts
Demoting record getter com/mojang/blaze3d/vulkan/glsl/IntermediaryShaderModule;name()Ljava/lang/String; due to conflicts
Promoting com/mojang/blaze3d/vulkan/glsl/IntermediaryShaderModule;name()Ljava/lang/String; as record getter for nameLjava/lang/String;
Demoting record getter com/mojang/realmsclient/client/RealmsError$CustomError;errorCode()I
Demoting record getter com/mojang/realmsclient/client/RealmsError$ErrorWithJsonPayload;errorCode()I
Demoting record getter com/mojang/realmsclient/client/RealmsError$ErrorWithRawPayload;errorCode()I
Demoting record getter net/minecraft/advancements/predicates/CollectionContentsPredicate$Multiple;unpack()Ljava/util/List;
Demoting record getter net/minecraft/advancements/predicates/CollectionCountsPredicate$Multiple;unpack()Ljava/util/List;
Demoting record getter net/minecraft/client/gui/font/AtlasGlyphProvider$Instance;textureView()Lcom/mojang/blaze3d/textures/GpuTextureView;
Promoting net/minecraft/client/gui/font/AtlasGlyphProvider$Instance;textureView()Lcom/mojang/blaze3d/textures/GpuTextureView; as record getter for textureViewLcom/mojang/blaze3d/textures/GpuTextureView;
Demoting record getter net/minecraft/client/gui/font/EmptyArea;activeLeft()F
Demoting record getter net/minecraft/client/gui/font/glyphs/BakedSheetGlyph$EffectInstance;left()F
Demoting record getter net/minecraft/client/gui/font/glyphs/BakedSheetGlyph$EffectInstance;top()F
Demoting record getter net/minecraft/client/input/KeyEvent;input()I
Demoting record getter net/minecraft/client/input/MouseButtonInfo;input()I
Demoting record getter net/minecraft/client/multiplayer/chat/LoggedChatMessage$System;toContentComponent()Lnet/minecraft/network/chat/Component;
Demoting record getter net/minecraft/client/renderer/PostPass$TextureInput;bilinear()Z
Promoting net/minecraft/client/renderer/PostPass$TextureInput;bilinear()Z as record getter for bilinearZ
Demoting record getter net/minecraft/commands/arguments/coordinates/WorldCoordinate;isRelative()Z
Demoting record getter net/minecraft/core/ClientAsset$DownloadedTexture;id()Lnet/minecraft/resources/Identifier;
Demoting record getter net/minecraft/nbt/ByteTag;intValue()I
Demoting record getter net/minecraft/nbt/ByteTag;byteValue()B
Demoting record getter net/minecraft/nbt/DoubleTag;doubleValue()D
Demoting record getter net/minecraft/nbt/FloatTag;floatValue()F
Demoting record getter net/minecraft/nbt/IntTag;intValue()I
Demoting record getter net/minecraft/nbt/LongTag;longValue()J
Demoting record getter net/minecraft/nbt/ShortTag;intValue()I
Demoting record getter net/minecraft/nbt/ShortTag;shortValue()S
Demoting record getter net/minecraft/network/chat/OutgoingChatMessage$Disguised;content()Lnet/minecraft/network/chat/Component;
Promoting net/minecraft/network/chat/OutgoingChatMessage$Disguised;content()Lnet/minecraft/network/chat/Component; as record getter for contentLnet/minecraft/network/chat/Component;
Demoting record getter net/minecraft/network/syncher/EntityDataAccessor;hashCode()I
Demoting record getter net/minecraft/server/network/ConfigurationTask$Type;toString()Ljava/lang/String;
Demoting record getter net/minecraft/server/packs/OverlayMetadataSection$OverlayEntry$IntermediateEntry;toString()Ljava/lang/String;
Demoting record getter net/minecraft/util/CubicSpline$Constant;minValue()F
Demoting record getter net/minecraft/util/CubicSpline$Constant;maxValue()F
Demoting record getter net/minecraft/util/ProblemReporter$RootFieldPathElement;get()Ljava/lang/String;
Promoting net/minecraft/util/valueproviders/ClampedInt;minInclusive()I as record getter for minInclusiveI
Promoting net/minecraft/util/valueproviders/ClampedInt;maxInclusive()I as record getter for maxInclusiveI
Demoting record getter net/minecraft/util/valueproviders/ConstantFloat;min()F
Demoting record getter net/minecraft/util/valueproviders/ConstantFloat;max()F
Demoting record getter net/minecraft/util/valueproviders/ConstantInt;minInclusive()I
Demoting record getter net/minecraft/util/valueproviders/ConstantInt;maxInclusive()I
Demoting record getter net/minecraft/world/item/ItemStackTemplate;typeHolder()Lnet/minecraft/core/Holder;
Demoting record getter net/minecraft/world/item/TooltipFlag$Default;isAdvanced()Z
Demoting record getter net/minecraft/world/item/TooltipFlag$Default;isCreative()Z
Promoting net/minecraft/world/item/alchemy/PotionContents;customEffects()Ljava/util/List; as record getter for customEffectsLjava/util/List;
Demoting record getter net/minecraft/world/level/SpawnData;getEntityToSpawn()Lnet/minecraft/nbt/CompoundTag;
Demoting record getter net/minecraft/world/level/SpawnData;getCustomSpawnRules()Ljava/util/Optional;
Demoting record getter net/minecraft/world/level/SpawnData;getEquipment()Ljava/util/Optional;
Promoting net/minecraft/world/level/block/entity/vault/VaultConfig;playerDetector()Lnet/minecraft/world/level/block/entity/trialspawner/PlayerDetector; as record getter for playerDetectorLnet/minecraft/world/level/block/entity/trialspawner/PlayerDetector;
Demoting record getter net/minecraft/world/level/chunk/Configuration$Simple;bitsInMemory()I
Demoting record getter net/minecraft/world/level/chunk/Configuration$Simple;bitsInStorage()I
Demoting record getter net/minecraft/world/level/gameevent/GameEvent;notificationRadius()I
Promoting net/minecraft/world/level/gameevent/GameEvent;notificationRadius()I as record getter for notificationRadiusI
Demoting record getter net/minecraft/world/level/gamerules/GameRuleCategory;getDescriptionId()Lnet/minecraft/resources/Identifier;
Demoting record getter net/minecraft/world/level/levelgen/DensityFunctions$Ap2;minValue()D
Demoting record getter net/minecraft/world/level/levelgen/DensityFunctions$Ap2;maxValue()D
Promoting net/minecraft/world/level/levelgen/DensityFunctions$Ap2;minValue()D as record getter for minValueD
Promoting net/minecraft/world/level/levelgen/DensityFunctions$Ap2;maxValue()D as record getter for maxValueD
Demoting record getter net/minecraft/world/level/levelgen/DensityFunctions$Constant;minValue()D
Demoting record getter net/minecraft/world/level/levelgen/DensityFunctions$Constant;maxValue()D
Demoting record getter net/minecraft/world/level/levelgen/DensityFunctions$MulOrAdd;argument2()Lnet/minecraft/world/level/levelgen/DensityFunction;
Demoting record getter net/minecraft/world/level/levelgen/NoiseGeneratorSettings;disableMobGeneration()Z
Promoting net/minecraft/world/level/levelgen/NoiseGeneratorSettings;oreVeinsEnabled()Z as record getter for oreVeinsEnabledZ
Promoting net/minecraft/world/level/levelgen/NoiseGeneratorSettings;disableMobGeneration()Z as record getter for disableMobGenerationZ
Read 10837 (6989) classes.
Populated subclass entries.
Joining MethodEntries...
Joined 19394 MethodEntries (0 unique, 11078 classes).
Collecting additional information...
- Done. -
Loading remapping files...
Generating new mappings...
FIELD	net/minecraft/util/Util	Lcom/google/common/escape/Escaper;	CONTROL_CHARACTER_ESCAPER	field_1_5947
METHOD	net/minecraft/util/Util	(Lcom/google/common/escape/Escapers$Builder;)V	lambda$static$2	method_1_5113
METHOD	net/minecraft/client/gui/Font$PreparedTextBuilder	()V	discardEffects	method_1_5114
METHOD	net/minecraft/client/Minecraft	(Lnet/minecraft/client/telemetry/TelemetryPropertyMap$Builder;)V	lambda$new$8	method_1_5115
FIELD	net/minecraft/world/level/Level	I	ACROSS_THE_WHOLE_WORLD	field_1_5948
FIELD	net/minecraft/sounds/SoundEvents	Lnet/minecraft/sounds/SoundEvent;	BUCKET_EMPTY_SULFUR_CUBE	field_1_5949
FIELD	net/minecraft/sounds/SoundEvents	Lnet/minecraft/sounds/SoundEvent;	BUCKET_FILL_SULFUR_CUBE	field_1_5950
FIELD	net/minecraft/world/entity/Entity	D	DEFAULT_BELOW_NAME_DISTANCE	field_1_5951
FIELD	net/minecraft/world/entity/Entity	D	DEFAULT_NAMEPLATE_DISTANCE	field_1_5952
FIELD	net/minecraft/server/MinecraftServer	Ljava/lang/String;	SERVER_THREAD_NAME	field_1_5953
CLASS	com/mojang/blaze3d/systems/RenderPass$RenderArea	class_1_837
FIELD	com/mojang/blaze3d/systems/RenderPass$RenderArea	I	height	comp_1_702
FIELD	com/mojang/blaze3d/systems/RenderPass$RenderArea	I	width	comp_1_703
FIELD	com/mojang/blaze3d/systems/RenderPass$RenderArea	I	x	comp_1_704
FIELD	com/mojang/blaze3d/systems/RenderPass$RenderArea	I	y	comp_1_705
METHOD	com/mojang/blaze3d/systems/RenderPass$RenderArea	(Lcom/mojang/blaze3d/textures/GpuTextureView;)Z	fillsTexture	method_1_5116
METHOD	net/minecraft/util/NativeModuleLister	(Ljava/lang/String;)Ljava/lang/String;	sanitize	method_1_5117
FIELD	com/mojang/blaze3d/opengl/GlRenderPass	Lcom/mojang/blaze3d/systems/ScissorState;	defaultScissorState	field_1_5954
FIELD	com/mojang/realmsclient/client/Request	Ljava/lang/String;	NETWORK_PROTOCOL_KEY	field_1_5955
METHOD	com/mojang/blaze3d/systems/ScissorState	(Lcom/mojang/blaze3d/systems/ScissorState;)V	setFrom	method_1_5118
METHOD	com/mojang/blaze3d/vulkan/VulkanBackend	(Lorg/lwjgl/vulkan/VkPhysicalDevice;)Z	deviceMeetsFeatureQueryRequirements	method_1_5119
FIELD	com/mojang/blaze3d/vulkan/VulkanRenderPass	Lcom/mojang/blaze3d/systems/RenderPass$RenderArea;	renderArea	field_1_5956
METHOD	com/mojang/blaze3d/vulkan/VulkanRenderPass	(Lorg/lwjgl/system/MemoryStack;Lorg/lwjgl/vulkan/VkCommandBuffer;IIII)V	setScissor	method_1_5120
METHOD	net/minecraft/client/renderer/LevelRenderer	(Lcom/mojang/blaze3d/framegraph/FrameGraphBuilder;Lcom/mojang/blaze3d/buffers/GpuBufferSlice;)V	addAlwaysOnTopPass	method_1_5121
METHOD	net/minecraft/client/renderer/LevelRenderer	(Lnet/minecraft/client/renderer/state/level/LevelRenderState;Lnet/minecraft/client/renderer/SubmitNodeCollector;Z)V	submitFeatures	method_1_5122
FIELD	net/minecraft/data/worldgen/SurfaceRuleData	Lnet/minecraft/world/level/block/state/BlockState;	GRANITE	field_1_5957
FIELD	net/minecraft/data/worldgen/SurfaceRuleData	Lnet/minecraft/world/level/block/state/BlockState;	TUFF	field_1_5958
METHOD	net/minecraft/world/level/chunk/ChunkAccess	(Ljava/util/Set;)V	collectBiomesInPalette	method_1_5123
FIELD	net/minecraft/client/gui/GuiGraphicsExtractor$ScissorStack	Lnet/minecraft/client/gui/navigation/ScreenRectangle;	screenSize	field_1_5959
FIELD	net/minecraft/world/level/levelgen/SurfaceRules$AbovePreliminarySurface	Lcom/mojang/serialization/MapCodec;	CODEC	field_1_5960
CLASS	net/minecraft/world/level/levelgen/SurfaceRules$BiomeConditionSource	class_1_838
FIELD	net/minecraft/world/level/levelgen/SurfaceRules$BiomeConditionSource	Lcom/mojang/serialization/MapCodec;	CODEC	field_1_5961
FIELD	net/minecraft/world/level/levelgen/SurfaceRules$BiomeConditionSource	Lnet/minecraft/core/HolderSet;	biomes	comp_1_706
METHOD	net/minecraft/world/level/levelgen/SurfaceRules$BiomeConditionSource	(Lnet/minecraft/world/level/levelgen/SurfaceRules$Context;)Lnet/minecraft/world/level/levelgen/SurfaceRules$Condition;	apply	method_1_5124
METHOD	net/minecraft/world/level/levelgen/SurfaceRules$BiomeConditionSource	(Ljava/util/Set;)Z	canNeverMatch	method_1_5125
METHOD	net/minecraft/world/level/levelgen/SurfaceRules$BiomeConditionSource	()Z	lambda$apply$0	method_1_5126
METHOD	net/minecraft/world/level/levelgen/SurfaceRules$BiomeConditionSource	()Z	lambda$apply$1	method_1_5127
METHOD	net/minecraft/world/level/levelgen/SurfaceRules$BiomeConditionSource	(Lcom/mojang/serialization/codecs/RecordCodecBuilder$Instance;)Lcom/mojang/datafixers/kinds/App;	lambda$static$0	method_1_5128
METHOD	net/minecraft/world/level/levelgen/SurfaceRules$BiomeConditionSource	(Ljava/util/Set;)Z	willAlwaysMatch	method_1_5129
FIELD	net/minecraft/world/level/levelgen/SurfaceRules$Context	Lnet/minecraft/core/Holder;	biome	field_1_5962
FIELD	net/minecraft/world/level/levelgen/SurfaceRules$Context	Ljava/util/Set;	possibleBiomes	field_1_5963
METHOD	net/minecraft/world/level/levelgen/SurfaceRules$Context	()Lnet/minecraft/core/Holder;	getBiome	method_1_5130
METHOD	net/minecraft/client/renderer/ItemInHandRenderer	(Lnet/minecraft/world/item/ItemStack;Lnet/minecraft/world/item/ItemStack;)V	synchronizeVisibleHandItems	method_1_5131
FIELD	net/minecraft/client/telemetry/TelemetryProperty	Lnet/minecraft/client/telemetry/TelemetryProperty;	BACKEND_FAILURE_MESSAGE	field_1_5964
FIELD	net/minecraft/client/telemetry/TelemetryProperty	Lnet/minecraft/client/telemetry/TelemetryProperty;	BACKEND_FAILURE_MISSING_CAPABILITIES	field_1_5965
FIELD	net/minecraft/client/telemetry/TelemetryProperty	Lnet/minecraft/client/telemetry/TelemetryProperty;	BACKEND_FAILURE_REASON	field_1_5966
FIELD	net/minecraft/client/telemetry/TelemetryProperty	Lnet/minecraft/client/telemetry/TelemetryProperty;	BACKEND_NAME	field_1_5967
FIELD	net/minecraft/client/telemetry/TelemetryEventType	Lnet/minecraft/client/telemetry/TelemetryEventType;	GRAPHICS_CAPABILITIES	field_1_5968
FIELD	com/mojang/blaze3d/systems/BackendCreationException$Reason	Lcom/mojang/blaze3d/systems/BackendCreationException$Reason;	VULKAN_LOADER_MISSING	field_1_5969
METHOD	net/minecraft/client/renderer/entity/EntityRenderer	(Lnet/minecraft/world/entity/Entity;Lnet/minecraft/client/renderer/entity/state/EntityRenderState;F)V	extractNameplates	method_1_5132
METHOD	net/minecraft/client/renderer/entity/EntityRenderer	(Lnet/minecraft/world/entity/Entity;Lnet/minecraft/client/renderer/entity/state/EntityRenderState;FDD)V	extractNameplates	method_1_5133
FIELD	net/minecraft/world/entity/ai/attributes/Attributes	Lnet/minecraft/core/Holder;	BELOW_NAME_DISTANCE	field_1_5970
FIELD	net/minecraft/world/entity/ai/attributes/Attributes	D	MAX_NAMEPLATE_DISTANCE	field_1_5971
FIELD	net/minecraft/world/entity/ai/attributes/Attributes	Lnet/minecraft/core/Holder;	NAMEPLATE_DISTANCE	field_1_5972
METHOD	net/minecraft/world/level/chunk/PalettedContainerRO	(Ljava/util/function/Consumer;)V	forEachInPalette	method_1_5134
FIELD	com/mojang/blaze3d/platform/NativeLibrariesBootstrap	Z	vulkanLoaderAvailable	field_1_5973
METHOD	com/mojang/blaze3d/platform/NativeLibrariesBootstrap	()Z	isVulkanLoaderAvailable	method_1_5135
METHOD	com/mojang/blaze3d/platform/NativeLibrariesBootstrap	(Ljava/util/List;)Ljava/lang/String;	lambda$loadLibraries$0	method_1_5136
METHOD	com/mojang/blaze3d/platform/NativeLibrariesBootstrap	()Ljava/lang/String;	lambda$loadLibrary$3	method_1_5137
METHOD	com/mojang/blaze3d/platform/NativeLibrariesBootstrap	()Ljava/lang/String;	lambda$loadLibrary$4	method_1_5138
METHOD	com/mojang/blaze3d/platform/NativeLibrariesBootstrap	()Z	tryLoadingVulkan	method_1_5139
CLASS	com/mojang/blaze3d/platform/NativeLibrariesBootstrap$LibraryLoadEntry	class_1_839
FIELD	com/mojang/blaze3d/platform/NativeLibrariesBootstrap$LibraryLoadEntry	Ljava/lang/Runnable;	loader	comp_1_707
FIELD	com/mojang/blaze3d/platform/NativeLibrariesBootstrap$LibraryLoadEntry	Ljava/lang/String;	name	comp_1_708
FIELD	net/minecraft/world/entity/monster/cubemob/SulfurCube	I	MIN_SIZE	field_1_5974
CLASS	net/minecraft/client/renderer/feature/submit/SubmitNode	class_1_840
METHOD	net/minecraft/client/renderer/OrderedSubmitNodeCollector	(Lnet/minecraft/client/renderer/gizmos/DrawableGizmoPrimitives$Group;Lnet/minecraft/client/renderer/state/level/CameraRenderState;Z)V	submitGizmoPrimitives	method_1_5140
METHOD	net/minecraft/client/renderer/OrderedSubmitNodeCollector	(Lnet/minecraft/client/renderer/state/level/QuadParticleRenderState;)V	submitQuadParticleGroup	method_1_5141
METHOD	net/minecraft/world/level/dimension/end/EnderDragonFight	(Lnet/minecraft/world/entity/boss/enderdragon/EndCrystal;Lnet/minecraft/world/entity/EntityReference;)Z	lambda$onCrystalDestroyed$0	method_1_5142
METHOD	net/minecraft/client/renderer/entity/LivingEntityRenderer	(Lnet/minecraft/world/entity/LivingEntity;Lnet/minecraft/client/renderer/entity/state/LivingEntityRenderState;F)V	extractNameplates	method_1_5143
CLASS	net/minecraft/client/renderer/feature/FeatureFrameContext	class_1_841
FIELD	net/minecraft/client/renderer/feature/FeatureFrameContext	Lnet/minecraft/client/resources/model/sprite/AtlasManager;	atlasManager	comp_1_709
FIELD	net/minecraft/client/renderer/feature/FeatureFrameContext	Lnet/minecraft/client/color/block/BlockColors;	blockColors	comp_1_710
FIELD	net/minecraft/client/renderer/feature/FeatureFrameContext	Lnet/minecraft/client/renderer/block/BlockStateModelSet;	blockStateModelSet	comp_1_711
FIELD	net/minecraft/client/renderer/feature/FeatureFrameContext	Lnet/minecraft/client/renderer/MultiBufferSource;	bufferSource	comp_1_712
FIELD	net/minecraft/client/renderer/feature/FeatureFrameContext	Lnet/minecraft/client/gui/Font;	font	comp_1_713
FIELD	net/minecraft/client/renderer/feature/FeatureFrameContext	Lcom/mojang/blaze3d/textures/GpuTextureView;	lightmap	comp_1_714
FIELD	net/minecraft/client/renderer/feature/FeatureFrameContext	Lnet/minecraft/client/renderer/state/OptionsRenderState;	options	comp_1_715
FIELD	net/minecraft/client/renderer/feature/FeatureFrameContext	Lnet/minecraft/client/renderer/OutlineBufferSource;	outlineBufferSource	comp_1_716
FIELD	net/minecraft/client/renderer/feature/FeatureFrameContext	Lnet/minecraft/client/renderer/texture/TextureManager;	textureManager	comp_1_717
CLASS	net/minecraft/client/renderer/feature/TextFeatureRenderer$GlyphRenderer	class_1_842
FIELD	net/minecraft/client/renderer/feature/TextFeatureRenderer$GlyphRenderer	Lnet/minecraft/client/renderer/MultiBufferSource;	bufferSource	field_1_5975
FIELD	net/minecraft/client/renderer/feature/TextFeatureRenderer$GlyphRenderer	Lnet/minecraft/client/gui/Font$DisplayMode;	displayMode	field_1_5976
FIELD	net/minecraft/client/renderer/feature/TextFeatureRenderer$GlyphRenderer	I	lightCoords	field_1_5977
FIELD	net/minecraft/client/renderer/feature/TextFeatureRenderer$GlyphRenderer	Lorg/joml/Matrix4f;	pose	field_1_5978
CLASS	net/minecraft/client/renderer/feature/submit/package-info	class_1_843
CLASS	net/minecraft/client/renderer/feature/GizmoFeatureRenderer	class_1_844
FIELD	net/minecraft/client/renderer/feature/GizmoFeatureRenderer	Lcom/mojang/blaze3d/vertex/PoseStack;	poseStack	field_1_5979
METHOD	net/minecraft/client/renderer/feature/GizmoFeatureRenderer	(Ljava/util/List;Lnet/minecraft/client/renderer/state/level/CameraRenderState;Lorg/joml/Matrix4fc;ZLnet/minecraft/client/renderer/MultiBufferSource;)V	buildLines	method_1_5144
METHOD	net/minecraft/client/renderer/feature/GizmoFeatureRenderer	(Ljava/util/List;Lnet/minecraft/client/renderer/state/level/CameraRenderState;Lnet/minecraft/client/renderer/MultiBufferSource;)V	buildPoints	method_1_5145
METHOD	net/minecraft/client/renderer/feature/GizmoFeatureRenderer	(Ljava/util/List;Lnet/minecraft/client/renderer/state/level/CameraRenderState;Lnet/minecraft/client/renderer/MultiBufferSource;)V	buildQuads	method_1_5146
METHOD	net/minecraft/client/renderer/feature/GizmoFeatureRenderer	(Ljava/util/List;Lnet/minecraft/client/renderer/state/level/CameraRenderState;Lnet/minecraft/client/gui/Font;Lnet/minecraft/client/renderer/MultiBufferSource;)V	buildTexts	method_1_5147
METHOD	net/minecraft/client/renderer/feature/GizmoFeatureRenderer	(Ljava/util/List;Lnet/minecraft/client/renderer/state/level/CameraRenderState;Lnet/minecraft/client/renderer/MultiBufferSource;)V	buildTriangleFans	method_1_5148
METHOD	net/minecraft/client/renderer/feature/GizmoFeatureRenderer	(Lnet/minecraft/client/renderer/SubmitNodeCollection;Lnet/minecraft/client/renderer/feature/FeatureFrameContext;Z)V	render	method_1_5149
FIELD	net/minecraft/client/renderer/feature/GizmoFeatureRenderer$1	Lnet/minecraft/client/renderer/MultiBufferSource;	val$bufferSource	field_1_5980
FIELD	net/minecraft/client/renderer/feature/GizmoFeatureRenderer$1	Lorg/joml/Matrix4f;	val$pose	field_1_5981
CLASS	net/minecraft/client/renderer/feature/GizmoFeatureRenderer$Submit	class_1_845
FIELD	net/minecraft/client/renderer/feature/GizmoFeatureRenderer$Submit	Lnet/minecraft/client/renderer/state/level/CameraRenderState;	camera	comp_1_718
FIELD	net/minecraft/client/renderer/feature/GizmoFeatureRenderer$Submit	Lnet/minecraft/client/renderer/gizmos/DrawableGizmoPrimitives$Group;	group	comp_1_719
FIELD	net/minecraft/client/renderer/feature/GizmoFeatureRenderer$Submit	Z	onTop	comp_1_720
FIELD	net/minecraft/client/renderer/feature/ModelFeatureRenderer$Submit	Lnet/minecraft/client/renderer/rendertype/RenderType;	renderType	comp_1_721
FIELD	net/minecraft/util/profiling/jfr/stats/ThreadAllocationStat	Lorg/slf4j/Logger;	LOGGER	field_1_5982
METHOD	net/minecraft/world/level/levelgen/NoiseBasedChunkGenerator	(Lnet/minecraft/server/level/WorldGenRegion;I)Ljava/util/Set;	collectPossibleBiomes	method_1_5150
METHOD	net/minecraft/client/renderer/feature/NameTagFeatureRenderer	(Lnet/minecraft/client/gui/Font;Lnet/minecraft/client/renderer/feature/NameTagFeatureRenderer$Submit;)Lnet/minecraft/client/gui/Font$PreparedText;	prepareText	method_1_5151
CLASS	net/minecraft/client/renderer/feature/NameTagFeatureRenderer$GlyphRenderer	class_1_846
FIELD	net/minecraft/client/renderer/feature/NameTagFeatureRenderer$GlyphRenderer	Lnet/minecraft/client/renderer/MultiBufferSource;	bufferSource	field_1_5983
FIELD	net/minecraft/client/renderer/feature/NameTagFeatureRenderer$GlyphRenderer	Lnet/minecraft/client/gui/Font$DisplayMode;	displayMode	field_1_5984
FIELD	net/minecraft/client/renderer/feature/NameTagFeatureRenderer$GlyphRenderer	I	lightCoords	field_1_5985
FIELD	net/minecraft/client/renderer/feature/NameTagFeatureRenderer$GlyphRenderer	Lorg/joml/Matrix4f;	pose	field_1_5986
METHOD	net/minecraft/client/renderer/feature/NameTagFeatureRenderer$GlyphRenderer	(Lnet/minecraft/client/renderer/feature/NameTagFeatureRenderer$Submit;Lnet/minecraft/client/gui/Font$DisplayMode;)V	prepare	method_1_5152
METHOD	net/minecraft/client/renderer/gizmos/DrawableGizmoPrimitives	(Lnet/minecraft/client/renderer/SubmitNodeCollector;Lnet/minecraft/client/renderer/state/level/CameraRenderState;Z)V	submit	method_1_5153
FIELD	net/minecraft/client/renderer/feature/FeatureRenderDispatcher	Lnet/minecraft/client/renderer/feature/GizmoFeatureRenderer;	gizmoFeatureRenderer	field_1_5987
FIELD	net/minecraft/client/renderer/feature/FeatureRenderDispatcher	Lnet/minecraft/client/renderer/feature/MovingBlockFeatureRenderer;	movingBlockFeatureRenderer	field_1_5988
METHOD	net/minecraft/client/renderer/feature/FeatureRenderDispatcher	()Lnet/minecraft/client/renderer/feature/FeatureFrameContext;	createFrameContext	method_1_5154
METHOD	net/minecraft/client/renderer/feature/FeatureRenderDispatcher	()Z	hasAnyAlwaysOnTop	method_1_5155
METHOD	net/minecraft/client/renderer/feature/FeatureRenderDispatcher	()V	renderAlwaysOnTop	method_1_5156
CLASS	net/minecraft/client/renderer/feature/submit/TranslucentSubmit	class_1_847
METHOD	net/minecraft/client/renderer/feature/submit/TranslucentSubmit	(Lorg/joml/Matrix4fc;)F	computeDistanceToCameraSq	method_1_5157
comp_4521 is now method_1_5158
FIELD	net/minecraft/client/renderer/feature/BlockModelFeatureRenderer$Submit	Lcom/mojang/blaze3d/vertex/PoseStack$Pose;	sheetedDecalPose	comp_1_722
CLASS	net/minecraft/client/renderer/feature/MovingBlockFeatureRenderer	class_1_848
METHOD	net/minecraft/client/renderer/feature/MovingBlockFeatureRenderer	(Lcom/mojang/blaze3d/vertex/PoseStack;Lnet/minecraft/client/renderer/MultiBufferSource;FFFLnet/minecraft/client/resources/model/geometry/BakedQuad;Lcom/mojang/blaze3d/vertex/QuadInstance;)V	lambda$render$0	method_1_5159
METHOD	net/minecraft/client/renderer/feature/MovingBlockFeatureRenderer	(Lcom/mojang/blaze3d/vertex/PoseStack;Lnet/minecraft/client/renderer/MultiBufferSource;FFFLnet/minecraft/client/resources/model/geometry/BakedQuad;Lcom/mojang/blaze3d/vertex/QuadInstance;)V	lambda$render$1	method_1_5160
METHOD	net/minecraft/client/renderer/feature/MovingBlockFeatureRenderer	(Lcom/mojang/blaze3d/vertex/PoseStack;Lnet/minecraft/client/renderer/MultiBufferSource;FFFLnet/minecraft/client/resources/model/geometry/BakedQuad;Lcom/mojang/blaze3d/vertex/QuadInstance;Lnet/minecraft/client/renderer/chunk/ChunkSectionLayer;)V	putBakedQuad	method_1_5161
METHOD	net/minecraft/client/renderer/feature/MovingBlockFeatureRenderer	(Lnet/minecraft/client/renderer/SubmitNodeCollection;Lnet/minecraft/client/renderer/feature/FeatureFrameContext;Z)V	render	method_1_5162
METHOD	net/minecraft/client/renderer/feature/MovingBlockFeatureRenderer	(Lnet/minecraft/client/renderer/SubmitNodeCollection;Lnet/minecraft/client/renderer/feature/FeatureFrameContext;)V	renderSolid	method_1_5163
METHOD	net/minecraft/client/renderer/feature/MovingBlockFeatureRenderer	(Lnet/minecraft/client/renderer/SubmitNodeCollection;Lnet/minecraft/client/renderer/feature/FeatureFrameContext;)V	renderTranslucent	method_1_5164
CLASS	net/minecraft/client/renderer/feature/QuadParticleFeatureRenderer	class_1_849
FIELD	net/minecraft/client/renderer/feature/QuadParticleFeatureRenderer	Lnet/minecraft/client/renderer/StagedVertexBuffer;	stagedVertexBuffer	field_1_5989
METHOD	net/minecraft/client/renderer/feature/QuadParticleFeatureRenderer	(Lnet/minecraft/client/renderer/StagedVertexBuffer;Ljava/util/Map;Lcom/mojang/blaze3d/systems/RenderPass;Lnet/minecraft/client/renderer/texture/TextureManager;)V	drawLayers	method_1_5165
METHOD	net/minecraft/client/renderer/feature/QuadParticleFeatureRenderer	()V	endFrame	method_1_5166
METHOD	net/minecraft/client/renderer/feature/QuadParticleFeatureRenderer	()Ljava/lang/String;	lambda$new$0	method_1_5167
METHOD	net/minecraft/client/renderer/feature/QuadParticleFeatureRenderer	(Lnet/minecraft/client/particle/SingleQuadParticle$Layer;)Lnet/minecraft/client/renderer/StagedVertexBuffer$Draw;	lambda$render$0	method_1_5168
METHOD	net/minecraft/client/renderer/feature/QuadParticleFeatureRenderer	(Z)Ljava/lang/String;	lambda$render$1	method_1_5169
METHOD	net/minecraft/client/renderer/feature/QuadParticleFeatureRenderer	(Lnet/minecraft/client/renderer/SubmitNodeCollection;Lnet/minecraft/client/renderer/feature/FeatureFrameContext;Z)V	render	method_1_5170
METHOD	net/minecraft/client/renderer/feature/QuadParticleFeatureRenderer	(Lnet/minecraft/client/renderer/SubmitNodeCollection;Lnet/minecraft/client/renderer/feature/FeatureFrameContext;)V	renderSolid	method_1_5171
METHOD	net/minecraft/client/renderer/feature/QuadParticleFeatureRenderer	(Lnet/minecraft/client/renderer/SubmitNodeCollection;Lnet/minecraft/client/renderer/feature/FeatureFrameContext;)V	renderTranslucent	method_1_5172
METHOD	net/minecraft/client/renderer/state/level/QuadParticleRenderState	(Lnet/minecraft/client/particle/SingleQuadParticle$Layer;Lcom/mojang/blaze3d/vertex/VertexConsumer;)V	buildLayer	method_1_5173
METHOD	net/minecraft/client/renderer/state/level/QuadParticleRenderState	()Ljava/util/Set;	layers	method_1_5174
Done!
