Duplicate assignment for record component com/mojang/blaze3d/vulkan/glsl/IntermediaryShaderModule;nameLjava/lang/String;
Demoting record getter com/mojang/blaze3d/vulkan/glsl/IntermediaryShaderModule;lambda$createVulkanShaderModule$0()Ljava/lang/String; due to conflicts
Demoting record getter com/mojang/blaze3d/vulkan/glsl/IntermediaryShaderModule;name()Ljava/lang/String; due to conflicts
Promoting com/mojang/blaze3d/vulkan/glsl/IntermediaryShaderModule;name()Ljava/lang/String; as record getter for nameLjava/lang/String;
Demoting record getter com/mojang/realmsclient/client/RealmsError$CustomError;errorCode()I
Demoting record getter com/mojang/realmsclient/client/RealmsError$ErrorWithJsonPayload;errorCode()I
Demoting record getter com/mojang/realmsclient/client/RealmsError$ErrorWithRawPayload;errorCode()I
Demoting record getter net/minecraft/advancements/predicates/CollectionContentsPredicate$Multiple;unpack()Ljava/util/List;
Demoting record getter net/minecraft/advancements/predicates/CollectionCountsPredicate$Multiple;unpack()Ljava/util/List;
Demoting record getter net/minecraft/client/gui/font/AtlasGlyphProvider$Instance;textureView()Lcom/mojang/blaze3d/textures/GpuTextureView;
Promoting net/minecraft/client/gui/font/AtlasGlyphProvider$Instance;textureView()Lcom/mojang/blaze3d/textures/GpuTextureView; as record getter for textureViewLcom/mojang/blaze3d/textures/GpuTextureView;
Demoting record getter net/minecraft/client/gui/font/EmptyArea;activeLeft()F
Demoting record getter net/minecraft/client/gui/font/glyphs/BakedSheetGlyph$EffectInstance;left()F
Demoting record getter net/minecraft/client/gui/font/glyphs/BakedSheetGlyph$EffectInstance;top()F
Demoting record getter net/minecraft/client/input/KeyEvent;input()I
Demoting record getter net/minecraft/client/input/MouseButtonInfo;input()I
Demoting record getter net/minecraft/client/multiplayer/chat/LoggedChatMessage$System;toContentComponent()Lnet/minecraft/network/chat/Component;
Demoting record getter net/minecraft/client/renderer/PostPass$TextureInput;bilinear()Z
Promoting net/minecraft/client/renderer/PostPass$TextureInput;bilinear()Z as record getter for bilinearZ
Demoting record getter net/minecraft/client/renderer/feature/CustomFeatureRenderer$Submit;batchKey()Ljava/lang/Object;
Demoting record getter net/minecraft/client/renderer/feature/FeatureRendererType;toString()Ljava/lang/String;
Demoting record getter net/minecraft/client/renderer/feature/ModelFeatureRenderer$Submit;batchKey()Ljava/lang/Object;
Demoting record getter net/minecraft/commands/arguments/coordinates/WorldCoordinate;isRelative()Z
Demoting record getter net/minecraft/core/ClientAsset$DownloadedTexture;id()Lnet/minecraft/resources/Identifier;
Demoting record getter net/minecraft/core/particles/GeyserBaseParticleOptions;getType()Lnet/minecraft/core/particles/ParticleType;
Demoting record getter net/minecraft/core/particles/GeyserParticleOptions;getType()Lnet/minecraft/core/particles/ParticleType;
Demoting record getter net/minecraft/nbt/ByteTag;intValue()I
Demoting record getter net/minecraft/nbt/ByteTag;byteValue()B
Demoting record getter net/minecraft/nbt/DoubleTag;doubleValue()D
Demoting record getter net/minecraft/nbt/FloatTag;floatValue()F
Demoting record getter net/minecraft/nbt/IntTag;intValue()I
Demoting record getter net/minecraft/nbt/LongTag;longValue()J
Demoting record getter net/minecraft/nbt/ShortTag;intValue()I
Demoting record getter net/minecraft/nbt/ShortTag;shortValue()S
Demoting record getter net/minecraft/network/chat/OutgoingChatMessage$Disguised;content()Lnet/minecraft/network/chat/Component;
Promoting net/minecraft/network/chat/OutgoingChatMessage$Disguised;content()Lnet/minecraft/network/chat/Component; as record getter for contentLnet/minecraft/network/chat/Component;
Demoting record getter net/minecraft/network/syncher/EntityDataAccessor;hashCode()I
Demoting record getter net/minecraft/server/network/ConfigurationTask$Type;toString()Ljava/lang/String;
Demoting record getter net/minecraft/server/packs/OverlayMetadataSection$OverlayEntry$IntermediateEntry;toString()Ljava/lang/String;
Demoting record getter net/minecraft/util/CubicSpline$Constant;minValue()F
Demoting record getter net/minecraft/util/CubicSpline$Constant;maxValue()F
Demoting record getter net/minecraft/util/ProblemReporter$RootFieldPathElement;get()Ljava/lang/String;
Promoting net/minecraft/util/valueproviders/ClampedInt;minInclusive()I as record getter for minInclusiveI
Promoting net/minecraft/util/valueproviders/ClampedInt;maxInclusive()I as record getter for maxInclusiveI
Demoting record getter net/minecraft/util/valueproviders/ConstantFloat;min()F
Demoting record getter net/minecraft/util/valueproviders/ConstantFloat;max()F
Demoting record getter net/minecraft/util/valueproviders/ConstantInt;minInclusive()I
Demoting record getter net/minecraft/util/valueproviders/ConstantInt;maxInclusive()I
Demoting record getter net/minecraft/world/item/ItemStackTemplate;typeHolder()Lnet/minecraft/core/Holder;
Demoting record getter net/minecraft/world/item/TooltipFlag$Default;isAdvanced()Z
Demoting record getter net/minecraft/world/item/TooltipFlag$Default;isCreative()Z
Promoting net/minecraft/world/item/alchemy/PotionContents;customEffects()Ljava/util/List; as record getter for customEffectsLjava/util/List;
Demoting record getter net/minecraft/world/level/SpawnData;getEntityToSpawn()Lnet/minecraft/nbt/CompoundTag;
Demoting record getter net/minecraft/world/level/SpawnData;getCustomSpawnRules()Ljava/util/Optional;
Demoting record getter net/minecraft/world/level/SpawnData;getEquipment()Ljava/util/Optional;
Promoting net/minecraft/world/level/block/entity/vault/VaultConfig;playerDetector()Lnet/minecraft/world/level/block/entity/trialspawner/PlayerDetector; as record getter for playerDetectorLnet/minecraft/world/level/block/entity/trialspawner/PlayerDetector;
Demoting record getter net/minecraft/world/level/chunk/Configuration$Simple;bitsInMemory()I
Demoting record getter net/minecraft/world/level/chunk/Configuration$Simple;bitsInStorage()I
Demoting record getter net/minecraft/world/level/gameevent/GameEvent;notificationRadius()I
Promoting net/minecraft/world/level/gameevent/GameEvent;notificationRadius()I as record getter for notificationRadiusI
Demoting record getter net/minecraft/world/level/gamerules/GameRuleCategory;getDescriptionId()Lnet/minecraft/resources/Identifier;
Demoting record getter net/minecraft/world/level/levelgen/DensityFunctions$Ap2;minValue()D
Demoting record getter net/minecraft/world/level/levelgen/DensityFunctions$Ap2;maxValue()D
Promoting net/minecraft/world/level/levelgen/DensityFunctions$Ap2;minValue()D as record getter for minValueD
Promoting net/minecraft/world/level/levelgen/DensityFunctions$Ap2;maxValue()D as record getter for maxValueD
Demoting record getter net/minecraft/world/level/levelgen/DensityFunctions$Constant;minValue()D
Demoting record getter net/minecraft/world/level/levelgen/DensityFunctions$Constant;maxValue()D
Demoting record getter net/minecraft/world/level/levelgen/DensityFunctions$MulOrAdd;argument2()Lnet/minecraft/world/level/levelgen/DensityFunction;
Demoting record getter net/minecraft/world/level/levelgen/NoiseGeneratorSettings;disableMobGeneration()Z
Promoting net/minecraft/world/level/levelgen/NoiseGeneratorSettings;oreVeinsEnabled()Z as record getter for oreVeinsEnabledZ
Promoting net/minecraft/world/level/levelgen/NoiseGeneratorSettings;disableMobGeneration()Z as record getter for disableMobGenerationZ
Read 11012 (7068) classes.
Populated subclass entries.
Joining MethodEntries...
Joined 19655 MethodEntries (0 unique, 11267 classes).
Collecting additional information...
- Done. -
Duplicate assignment for record component com/mojang/blaze3d/vulkan/glsl/IntermediaryShaderModule;nameLjava/lang/String;
Demoting record getter com/mojang/blaze3d/vulkan/glsl/IntermediaryShaderModule;lambda$createVulkanShaderModule$0()Ljava/lang/String; due to conflicts
Demoting record getter com/mojang/blaze3d/vulkan/glsl/IntermediaryShaderModule;name()Ljava/lang/String; due to conflicts
Promoting com/mojang/blaze3d/vulkan/glsl/IntermediaryShaderModule;name()Ljava/lang/String; as record getter for nameLjava/lang/String;
Demoting record getter com/mojang/realmsclient/client/RealmsError$CustomError;errorCode()I
Demoting record getter com/mojang/realmsclient/client/RealmsError$ErrorWithJsonPayload;errorCode()I
Demoting record getter com/mojang/realmsclient/client/RealmsError$ErrorWithRawPayload;errorCode()I
Demoting record getter net/minecraft/advancements/predicates/CollectionContentsPredicate$Multiple;unpack()Ljava/util/List;
Demoting record getter net/minecraft/advancements/predicates/CollectionCountsPredicate$Multiple;unpack()Ljava/util/List;
Demoting record getter net/minecraft/client/gui/font/AtlasGlyphProvider$Instance;textureView()Lcom/mojang/blaze3d/textures/GpuTextureView;
Promoting net/minecraft/client/gui/font/AtlasGlyphProvider$Instance;textureView()Lcom/mojang/blaze3d/textures/GpuTextureView; as record getter for textureViewLcom/mojang/blaze3d/textures/GpuTextureView;
Demoting record getter net/minecraft/client/gui/font/EmptyArea;activeLeft()F
Demoting record getter net/minecraft/client/gui/font/glyphs/BakedSheetGlyph$EffectInstance;left()F
Demoting record getter net/minecraft/client/gui/font/glyphs/BakedSheetGlyph$EffectInstance;top()F
Demoting record getter net/minecraft/client/input/KeyEvent;input()I
Demoting record getter net/minecraft/client/input/MouseButtonInfo;input()I
Demoting record getter net/minecraft/client/multiplayer/chat/LoggedChatMessage$System;toContentComponent()Lnet/minecraft/network/chat/Component;
Demoting record getter net/minecraft/client/renderer/PostPass$TextureInput;bilinear()Z
Promoting net/minecraft/client/renderer/PostPass$TextureInput;bilinear()Z as record getter for bilinearZ
Demoting record getter net/minecraft/client/renderer/feature/CustomFeatureRenderer$Submit;batchKey()Ljava/lang/Object;
Demoting record getter net/minecraft/client/renderer/feature/FeatureRendererType;toString()Ljava/lang/String;
Demoting record getter net/minecraft/client/renderer/feature/ModelFeatureRenderer$Submit;batchKey()Ljava/lang/Object;
Demoting record getter net/minecraft/commands/arguments/coordinates/WorldCoordinate;isRelative()Z
Demoting record getter net/minecraft/core/ClientAsset$DownloadedTexture;id()Lnet/minecraft/resources/Identifier;
Demoting record getter net/minecraft/core/particles/GeyserBaseParticleOptions;getType()Lnet/minecraft/core/particles/ParticleType;
Demoting record getter net/minecraft/core/particles/GeyserParticleOptions;getType()Lnet/minecraft/core/particles/ParticleType;
Demoting record getter net/minecraft/nbt/ByteTag;intValue()I
Demoting record getter net/minecraft/nbt/ByteTag;byteValue()B
Demoting record getter net/minecraft/nbt/DoubleTag;doubleValue()D
Demoting record getter net/minecraft/nbt/FloatTag;floatValue()F
Demoting record getter net/minecraft/nbt/IntTag;intValue()I
Demoting record getter net/minecraft/nbt/LongTag;longValue()J
Demoting record getter net/minecraft/nbt/ShortTag;intValue()I
Demoting record getter net/minecraft/nbt/ShortTag;shortValue()S
Demoting record getter net/minecraft/network/chat/OutgoingChatMessage$Disguised;content()Lnet/minecraft/network/chat/Component;
Promoting net/minecraft/network/chat/OutgoingChatMessage$Disguised;content()Lnet/minecraft/network/chat/Component; as record getter for contentLnet/minecraft/network/chat/Component;
Demoting record getter net/minecraft/network/syncher/EntityDataAccessor;hashCode()I
Demoting record getter net/minecraft/server/network/ConfigurationTask$Type;toString()Ljava/lang/String;
Demoting record getter net/minecraft/server/packs/OverlayMetadataSection$OverlayEntry$IntermediateEntry;toString()Ljava/lang/String;
Demoting record getter net/minecraft/util/CubicSpline$Constant;minValue()F
Demoting record getter net/minecraft/util/CubicSpline$Constant;maxValue()F
Demoting record getter net/minecraft/util/ProblemReporter$RootFieldPathElement;get()Ljava/lang/String;
Promoting net/minecraft/util/valueproviders/ClampedInt;maxInclusive()I as record getter for maxInclusiveI
Promoting net/minecraft/util/valueproviders/ClampedInt;minInclusive()I as record getter for minInclusiveI
Demoting record getter net/minecraft/util/valueproviders/ConstantFloat;min()F
Demoting record getter net/minecraft/util/valueproviders/ConstantFloat;max()F
Demoting record getter net/minecraft/util/valueproviders/ConstantInt;minInclusive()I
Demoting record getter net/minecraft/util/valueproviders/ConstantInt;maxInclusive()I
Demoting record getter net/minecraft/world/item/ItemStackTemplate;typeHolder()Lnet/minecraft/core/Holder;
Demoting record getter net/minecraft/world/item/TooltipFlag$Default;isAdvanced()Z
Demoting record getter net/minecraft/world/item/TooltipFlag$Default;isCreative()Z
Promoting net/minecraft/world/item/alchemy/PotionContents;customEffects()Ljava/util/List; as record getter for customEffectsLjava/util/List;
Demoting record getter net/minecraft/world/level/SpawnData;getEntityToSpawn()Lnet/minecraft/nbt/CompoundTag;
Demoting record getter net/minecraft/world/level/SpawnData;getCustomSpawnRules()Ljava/util/Optional;
Demoting record getter net/minecraft/world/level/SpawnData;getEquipment()Ljava/util/Optional;
Promoting net/minecraft/world/level/block/entity/vault/VaultConfig;playerDetector()Lnet/minecraft/world/level/block/entity/trialspawner/PlayerDetector; as record getter for playerDetectorLnet/minecraft/world/level/block/entity/trialspawner/PlayerDetector;
Demoting record getter net/minecraft/world/level/chunk/Configuration$Simple;bitsInMemory()I
Demoting record getter net/minecraft/world/level/chunk/Configuration$Simple;bitsInStorage()I
Demoting record getter net/minecraft/world/level/gameevent/GameEvent;notificationRadius()I
Promoting net/minecraft/world/level/gameevent/GameEvent;notificationRadius()I as record getter for notificationRadiusI
Demoting record getter net/minecraft/world/level/gamerules/GameRuleCategory;getDescriptionId()Lnet/minecraft/resources/Identifier;
Demoting record getter net/minecraft/world/level/levelgen/DensityFunctions$Ap2;minValue()D
Demoting record getter net/minecraft/world/level/levelgen/DensityFunctions$Ap2;maxValue()D
Promoting net/minecraft/world/level/levelgen/DensityFunctions$Ap2;maxValue()D as record getter for maxValueD
Promoting net/minecraft/world/level/levelgen/DensityFunctions$Ap2;minValue()D as record getter for minValueD
Demoting record getter net/minecraft/world/level/levelgen/DensityFunctions$Constant;minValue()D
Demoting record getter net/minecraft/world/level/levelgen/DensityFunctions$Constant;maxValue()D
Demoting record getter net/minecraft/world/level/levelgen/DensityFunctions$MulOrAdd;argument2()Lnet/minecraft/world/level/levelgen/DensityFunction;
Demoting record getter net/minecraft/world/level/levelgen/NoiseGeneratorSettings;disableMobGeneration()Z
Promoting net/minecraft/world/level/levelgen/NoiseGeneratorSettings;oreVeinsEnabled()Z as record getter for oreVeinsEnabledZ
Promoting net/minecraft/world/level/levelgen/NoiseGeneratorSettings;disableMobGeneration()Z as record getter for disableMobGenerationZ
Read 10948 (7053) classes.
Populated subclass entries.
Joining MethodEntries...
Joined 19642 MethodEntries (0 unique, 11190 classes).
Collecting additional information...
- Done. -
Loading remapping files...
Generating new mappings...
FIELD	net/minecraft/data/BlockFamily	Z	generateSmeltingRecipe	field_1_7032
METHOD	net/minecraft/data/BlockFamily	()Z	shouldGenerateSmeltingRecipe	method_1_6272
METHOD	net/minecraft/data/BlockFamily$Builder	()Lnet/minecraft/data/BlockFamily$Builder;	dontGenerateSmeltingRecipe	method_1_6273
METHOD	net/minecraft/data/BlockFamily$Builder	(Lnet/minecraft/world/level/block/Block;)Lnet/minecraft/data/BlockFamily$Builder;	pillar	method_1_6274
FIELD	net/minecraft/data/BlockFamily$Variant	Lnet/minecraft/data/BlockFamily$Variant;	PILLAR	field_1_7033
METHOD	net/minecraft/data/BlockFamily$Variant	(Ljava/lang/String;)Ljava/lang/String;	getPrefixedRecipeGroup	method_1_6275
METHOD	net/minecraft/world/level/Level	()I	getNextEntityId	method_1_6276
FIELD	net/minecraft/sounds/SoundEvents	Lnet/minecraft/core/Holder;	SULFUR_CUBE_BOUNCY_HIT	field_1_7034
FIELD	net/minecraft/sounds/SoundEvents	Lnet/minecraft/core/Holder;	SULFUR_CUBE_BOUNCY_PUSH	field_1_7035
FIELD	net/minecraft/sounds/SoundEvents	Lnet/minecraft/core/Holder;	SULFUR_CUBE_EXPLOSIVE_HIT	field_1_7036
FIELD	net/minecraft/sounds/SoundEvents	Lnet/minecraft/core/Holder;	SULFUR_CUBE_EXPLOSIVE_PUSH	field_1_7037
FIELD	net/minecraft/sounds/SoundEvents	Lnet/minecraft/core/Holder;	SULFUR_CUBE_FAST_FLAT_HIT	field_1_7038
FIELD	net/minecraft/sounds/SoundEvents	Lnet/minecraft/core/Holder;	SULFUR_CUBE_FAST_FLAT_PUSH	field_1_7039
FIELD	net/minecraft/sounds/SoundEvents	Lnet/minecraft/core/Holder;	SULFUR_CUBE_FAST_SLIDING_HIT	field_1_7040
FIELD	net/minecraft/sounds/SoundEvents	Lnet/minecraft/core/Holder;	SULFUR_CUBE_FAST_SLIDING_PUSH	field_1_7041
FIELD	net/minecraft/sounds/SoundEvents	Lnet/minecraft/core/Holder;	SULFUR_CUBE_HIGH_RESISTANCE_HIT	field_1_7042
FIELD	net/minecraft/sounds/SoundEvents	Lnet/minecraft/core/Holder;	SULFUR_CUBE_HIGH_RESISTANCE_PUSH	field_1_7043
FIELD	net/minecraft/sounds/SoundEvents	Lnet/minecraft/core/Holder;	SULFUR_CUBE_HOT_HIT	field_1_7044
FIELD	net/minecraft/sounds/SoundEvents	Lnet/minecraft/core/Holder;	SULFUR_CUBE_HOT_PUSH	field_1_7045
FIELD	net/minecraft/sounds/SoundEvents	Lnet/minecraft/core/Holder;	SULFUR_CUBE_LIGHT_HIT	field_1_7046
FIELD	net/minecraft/sounds/SoundEvents	Lnet/minecraft/core/Holder;	SULFUR_CUBE_LIGHT_PUSH	field_1_7047
FIELD	net/minecraft/sounds/SoundEvents	Lnet/minecraft/core/Holder;	SULFUR_CUBE_REGULAR_HIT	field_1_7048
FIELD	net/minecraft/sounds/SoundEvents	Lnet/minecraft/core/Holder;	SULFUR_CUBE_REGULAR_PUSH	field_1_7049
FIELD	net/minecraft/sounds/SoundEvents	Lnet/minecraft/core/Holder;	SULFUR_CUBE_SLOW_BOUNCY_HIT	field_1_7050
FIELD	net/minecraft/sounds/SoundEvents	Lnet/minecraft/core/Holder;	SULFUR_CUBE_SLOW_BOUNCY_PUSH	field_1_7051
FIELD	net/minecraft/sounds/SoundEvents	Lnet/minecraft/core/Holder;	SULFUR_CUBE_SLOW_FLAT_HIT	field_1_7052
FIELD	net/minecraft/sounds/SoundEvents	Lnet/minecraft/core/Holder;	SULFUR_CUBE_SLOW_FLAT_PUSH	field_1_7053
FIELD	net/minecraft/sounds/SoundEvents	Lnet/minecraft/core/Holder;	SULFUR_CUBE_SLOW_SLIDING_HIT	field_1_7054
FIELD	net/minecraft/sounds/SoundEvents	Lnet/minecraft/core/Holder;	SULFUR_CUBE_SLOW_SLIDING_PUSH	field_1_7055
FIELD	net/minecraft/sounds/SoundEvents	Lnet/minecraft/sounds/SoundEvent;	SULFUR_CUBE_SMALL_EAT	field_1_7056
FIELD	net/minecraft/sounds/SoundEvents	Lnet/minecraft/core/Holder;	SULFUR_CUBE_STICKY_HIT	field_1_7057
FIELD	net/minecraft/sounds/SoundEvents	Lnet/minecraft/core/Holder;	SULFUR_CUBE_STICKY_PUSH	field_1_7058
FIELD	com/mojang/blaze3d/opengl/GlFence	Z	closedOrCompleted	field_1_7059
FIELD	com/mojang/blaze3d/opengl/GlFence	Lcom/mojang/blaze3d/opengl/GlCommandEncoder;	encoder	field_1_7060
FIELD	com/mojang/blaze3d/opengl/GlFence	J	submitIndex	field_1_7061
FIELD	net/minecraft/world/entity/Entity	I	INVALID_ENTITY_ID	field_1_7062
METHOD	net/minecraft/world/inventory/Slot	(Lnet/minecraft/world/entity/player/Player;)Lnet/minecraft/world/item/ItemStack;	safeClone	method_1_6277
METHOD	net/minecraft/server/level/ChunkMap	(I)Z	hasEntityWithId	method_1_6278
METHOD	net/minecraft/server/MinecraftServer	()I	getChatSpamThresholdSeconds	method_1_6279
METHOD	net/minecraft/server/MinecraftServer	()I	getCommandSpamThresholdSeconds	method_1_6280
FIELD	net/minecraft/world/level/BaseSpawner	Lnet/minecraft/world/entity/EntityProcessor;	SET_DISPLAY_ENTITY_ID	field_1_7063
FIELD	net/minecraft/world/level/BaseSpawner	I	SPAWNER_ENTITY_ID	field_1_7064
METHOD	net/minecraft/world/level/BaseSpawner	(Lnet/minecraft/world/entity/Entity;)Lnet/minecraft/world/entity/Entity;	lambda$static$0	method_1_6281
FIELD	net/minecraft/client/renderer/Panorama	Z	shouldSpin	field_1_7065
METHOD	net/minecraft/client/renderer/Panorama	()V	holdSpin	method_1_6282
METHOD	net/minecraft/client/renderer/Panorama	()V	startSpin	method_1_6283
FIELD	net/minecraft/server/level/ServerLevel	Ljava/util/concurrent/atomic/AtomicInteger;	ENTITY_COUNTER	field_1_7066
METHOD	com/mojang/blaze3d/vulkan/VulkanBackend	()Lcom/mojang/blaze3d/systems/BackendCreationException;	checkBackendAvailable	method_1_6284
METHOD	net/minecraft/data/recipes/RecipeProvider	(Lnet/minecraft/data/BlockFamily$Variant;Lnet/minecraft/world/level/block/Block;Lnet/minecraft/world/level/ItemLike;)V	generateSmeltingRecipe	method_1_6285
METHOD	net/minecraft/data/recipes/RecipeProvider	(Lnet/minecraft/data/BlockFamily;Lnet/minecraft/data/BlockFamily$Variant;Lnet/minecraft/world/level/ItemLike;)Ljava/lang/String;	getCraftingCriterionName	method_1_6286
METHOD	net/minecraft/data/recipes/RecipeProvider	(Lnet/minecraft/data/recipes/RecipeBuilder;Lnet/minecraft/data/BlockFamily$Variant;Ljava/lang/String;)V	lambda$generateCraftingRecipe$0	method_1_6287
METHOD	net/minecraft/data/recipes/RecipeProvider	(Lnet/minecraft/world/level/ItemLike;)Ljava/lang/String;	lambda$getCraftingCriterionName$0	method_1_6288
METHOD	net/minecraft/data/recipes/RecipeProvider	(Lnet/minecraft/data/recipes/RecipeProvider;Lnet/minecraft/world/level/ItemLike;Lnet/minecraft/world/level/ItemLike;)Lnet/minecraft/data/recipes/RecipeBuilder;	lambda$static$19	method_1_6289
METHOD	net/minecraft/data/recipes/RecipeProvider	(Lnet/minecraft/data/recipes/RecipeProvider;Lnet/minecraft/world/level/ItemLike;Lnet/minecraft/world/level/ItemLike;)V	lambda$static$22	method_1_6290
METHOD	net/minecraft/data/recipes/RecipeProvider	(Lnet/minecraft/data/recipes/RecipeProvider;Lnet/minecraft/world/level/ItemLike;Lnet/minecraft/world/level/ItemLike;)V	lambda$static$28	method_1_6291
METHOD	net/minecraft/data/recipes/RecipeProvider	(Lnet/minecraft/data/recipes/RecipeProvider;Lnet/minecraft/world/level/ItemLike;Lnet/minecraft/world/level/ItemLike;)V	lambda$static$29	method_1_6292
METHOD	net/minecraft/data/recipes/RecipeProvider	(Lnet/minecraft/data/recipes/RecipeCategory;Lnet/minecraft/world/level/ItemLike;Lnet/minecraft/world/item/crafting/Ingredient;)Lnet/minecraft/data/recipes/RecipeBuilder;	pillarBuilder	method_1_6293
FIELD	com/mojang/blaze3d/opengl/GlCommandEncoder	I	MAX_SUBMITS_IN_FLIGHT	field_1_7067
FIELD	com/mojang/blaze3d/opengl/GlCommandEncoder	J	NO_FENCE	field_1_7068
FIELD	com/mojang/blaze3d/opengl/GlCommandEncoder	J	currentSubmitIndex	field_1_7069
FIELD	com/mojang/blaze3d/opengl/GlCommandEncoder	[J	fences	field_1_7070
METHOD	com/mojang/blaze3d/opengl/GlCommandEncoder	(JJ)Z	awaitSubmit	method_1_6294
METHOD	com/mojang/blaze3d/opengl/GlCommandEncoder	()J	currentSubmitIndex	method_1_6295
METHOD	com/mojang/blaze3d/opengl/GlCommandEncoder	()I	currentSubmitSlot	method_1_6296
FIELD	net/minecraft/world/attribute/LerpFunction	Lnet/minecraft/world/attribute/LerpFunction;	CONSTANT	field_1_7071
FIELD	com/mojang/blaze3d/opengl/GlTransientMemory	Lcom/mojang/blaze3d/opengl/GlCommandEncoder;	encoder	field_1_7072
FIELD	net/minecraft/client/model/geom/ModelLayers	Lnet/minecraft/client/model/geom/ModelLayerLocation;	SULFUR_CUBE_SMALL	field_1_7073
FIELD	net/minecraft/client/model/geom/ModelLayers	Lnet/minecraft/client/model/geom/ModelLayerLocation;	SULFUR_CUBE_SMALL_INNER	field_1_7074
METHOD	net/minecraft/server/level/ServerChunkCache	(I)Z	hasEntityWithId	method_1_6297
METHOD	net/minecraft/client/gui/screens/PauseScreen	(Lnet/minecraft/client/gui/components/Button;)V	lambda$createPauseMenu$3	method_1_6298
METHOD	net/minecraft/client/gui/screens/PauseScreen	()V	lambda$createPauseMenu$4	method_1_6299
FIELD	net/minecraft/world/entity/SulfurCubeArchetype	Lnet/minecraft/world/entity/SulfurCubeArchetype$SoundSettings;	DEFAULT_SOUND_SETTINGS	field_1_7075
FIELD	net/minecraft/world/entity/SulfurCubeArchetype	Lnet/minecraft/world/entity/SulfurCubeArchetype$SoundSettings;	soundSettings	comp_1_885
CLASS	net/minecraft/world/entity/SulfurCubeArchetype$SoundSettings	class_1_1031
FIELD	net/minecraft/world/entity/SulfurCubeArchetype$SoundSettings	Lcom/mojang/serialization/Codec;	CODEC	field_1_7076
FIELD	net/minecraft/world/entity/SulfurCubeArchetype$SoundSettings	Lnet/minecraft/core/Holder;	hitSound	comp_1_886
FIELD	net/minecraft/world/entity/SulfurCubeArchetype$SoundSettings	F	pushSoundCooldown	comp_1_887
FIELD	net/minecraft/world/entity/SulfurCubeArchetype$SoundSettings	F	pushSoundImpulseThreshold	comp_1_888
FIELD	net/minecraft/world/entity/SulfurCubeArchetype$SoundSettings	Lnet/minecraft/core/Holder;	pushSound	comp_1_889
METHOD	net/minecraft/world/entity/SulfurCubeArchetype$SoundSettings	(Lcom/mojang/serialization/codecs/RecordCodecBuilder$Instance;)Lcom/mojang/datafixers/kinds/App;	lambda$static$0	method_1_6300
METHOD	net/minecraft/world/entity/SulfurCubeArchetypes	(Lnet/minecraft/core/Holder;Lnet/minecraft/core/Holder;FF)Lnet/minecraft/world/entity/SulfurCubeArchetype$SoundSettings;	soundSettings	method_1_6301
METHOD	net/minecraft/world/level/block/SpeleothemBlock	()I	getMaxGrowthLength	method_1_6302
FIELD	net/minecraft/client/telemetry/TelemetryProperty	Lnet/minecraft/client/telemetry/TelemetryProperty;	SERVER_SESSION_ID	field_1_7077
FIELD	net/minecraft/world/level/block/SulfurSpikeBlock	I	MAX_GROWING_LENGTH	field_1_7078
METHOD	net/minecraft/world/level/block/PotentSulfurBlock	(Lnet/minecraft/world/level/block/state/BlockState;)Z	isSourceIfFluid	method_1_6303
FIELD	net/minecraft/client/gui/components/PlayerFaceWidget	Lnet/minecraft/world/item/component/ResolvableProfile;	skinProfile	field_1_7079
METHOD	net/minecraft/client/gui/components/ScrollableLayout	(I)V	setScrollbarSpacing	method_1_6304
FIELD	net/minecraft/world/level/storage/LevelStorageSource	Lnet/minecraft/network/chat/Component;	LOAD_FOLDER_ACCESS_MESSAGE	field_1_7080
METHOD	net/minecraft/client/data/models/BlockModelGenerators$BlockFamilyProvider	(Lnet/minecraft/world/level/block/Block;)Lnet/minecraft/client/data/models/BlockModelGenerators$BlockFamilyProvider;	pillar	method_1_6305
FIELD	net/minecraft/server/network/ServerConnectionListener	Ljava/util/UUID;	sessionId	field_1_7081
METHOD	net/minecraft/server/network/ServerConnectionListener	()Ljava/util/UUID;	getSessionId	method_1_6306
FIELD	net/minecraft/world/entity/monster/cubemob/SulfurCube	I	pushSoundCooldown	field_1_7082
FIELD	net/minecraft/world/entity/monster/cubemob/SulfurCube	Lnet/minecraft/world/entity/SulfurCubeArchetype$SoundSettings;	soundSettings	field_1_7083
METHOD	net/minecraft/world/entity/monster/cubemob/SulfurCube	()V	playEatingSound	method_1_6307
FIELD	net/minecraft/client/gui/components/toasts/FriendToast	Lnet/minecraft/world/item/component/ResolvableProfile;	skinProfile	field_1_7084
METHOD	net/minecraft/client/gui/components/toasts/FriendToast	(Lnet/minecraft/client/Minecraft;Lnet/minecraft/world/item/component/ResolvableProfile;Lnet/minecraft/network/chat/Component;)V	add	method_1_6308
METHOD	net/minecraft/client/gui/components/toasts/FriendToast	(Lnet/minecraft/client/Minecraft;Ljava/util/UUID;Lnet/minecraft/network/chat/Component;)V	addWithSkin	method_1_6309
METHOD	net/minecraft/client/gui/components/PlayerFaceExtractor	(Lnet/minecraft/client/gui/GuiGraphicsExtractor;Lnet/minecraft/world/item/component/ResolvableProfile;III)V	extractRenderState	method_1_6310
FIELD	net/minecraft/client/renderer/entity/SulfurCubeRenderer	Lnet/minecraft/resources/Identifier;	SULFUR_CUBE_SMALL_LOCATION	field_1_7085
FIELD	net/minecraft/client/renderer/entity/SulfurCubeRenderer	Lnet/minecraft/client/model/monster/slime/SulfurCubeModel;	normalModel	field_1_7086
FIELD	net/minecraft/client/renderer/entity/SulfurCubeRenderer	Lnet/minecraft/client/model/monster/slime/SmallSulfurCubeModel;	smallModel	field_1_7087
METHOD	net/minecraft/client/renderer/entity/SulfurCubeRenderer	(Lnet/minecraft/client/renderer/entity/state/SulfurCubeRenderState;Lcom/mojang/blaze3d/vertex/PoseStack;Lnet/minecraft/client/renderer/SubmitNodeCollector;Lnet/minecraft/client/renderer/state/level/CameraRenderState;)V	submit	method_1_6311
FIELD	net/minecraft/world/level/levelgen/presets/WorldPresets	Lnet/minecraft/resources/ResourceKey;	FLAT_ALL_DIMENSIONS	field_1_7088
FIELD	net/minecraft/world/level/levelgen/presets/WorldPresets$Bootstrap	Lnet/minecraft/core/Holder;	endDimensionType	field_1_7089
FIELD	net/minecraft/world/level/levelgen/presets/WorldPresets$Bootstrap	Lnet/minecraft/core/Holder;	netherDimensionType	field_1_7090
METHOD	net/minecraft/world/level/levelgen/presets/WorldPresets$Bootstrap	()Lnet/minecraft/world/level/levelgen/presets/WorldPreset;	createFlatAllDimensionsPreset	method_1_6312
METHOD	net/minecraft/world/level/levelgen/presets/WorldPresets$Bootstrap	(Lnet/minecraft/resources/ResourceKey;Ljava/util/List;)Lnet/minecraft/world/level/levelgen/flat/FlatLevelGeneratorSettings;	flatSettingsForBiomeAndLayers	method_1_6313
METHOD	net/minecraft/world/level/levelgen/presets/WorldPresets$Bootstrap	(Lnet/minecraft/world/level/chunk/ChunkGenerator;)Lnet/minecraft/world/level/dimension/LevelStem;	makeEnd	method_1_6314
METHOD	net/minecraft/world/level/levelgen/presets/WorldPresets$Bootstrap	(Lnet/minecraft/world/level/chunk/ChunkGenerator;)Lnet/minecraft/world/level/dimension/LevelStem;	makeNether	method_1_6315
METHOD	net/minecraft/client/gui/screens/friends/AddFriendWidget	()Lnet/minecraft/client/gui/layouts/LinearLayout;	createProfileRow	method_1_6316
FIELD	net/minecraft/server/dedicated/DedicatedServerProperties	I	chatSpamThresholdSeconds	field_1_7091
FIELD	net/minecraft/server/dedicated/DedicatedServerProperties	I	commandSpamThresholdSeconds	field_1_7092
FIELD	net/minecraft/world/level/block/entity/BeaconBlockEntity	I	LEVELS_NEEDED_FOR_SECONDARY	field_1_7093
METHOD	net/minecraft/world/level/block/entity/BeaconBlockEntity	(Lnet/minecraft/core/Holder;)I	getRequiredLevelsFor	method_1_6317
METHOD	net/minecraft/world/level/block/entity/BeaconBlockEntity	(Lnet/minecraft/core/Holder;Lnet/minecraft/core/Holder;I)Z	validateEffects	method_1_6318
FIELD	net/minecraft/server/network/ServerGamePacketListenerImpl	Lnet/minecraft/util/TickThrottler;	commandSpamThrottler	field_1_7094
METHOD	net/minecraft/server/network/ServerGamePacketListenerImpl	()V	detectChatRateSpam	method_1_6319
METHOD	net/minecraft/server/network/ServerGamePacketListenerImpl	()V	detectCommandRateSpam	method_1_6320
METHOD	net/minecraft/client/renderer/entity/ThrownTridentRenderer	(Lnet/minecraft/world/entity/projectile/arrow/ThrownTrident;)Lnet/minecraft/world/phys/AABB;	getBoundingBoxForCulling	method_1_6321
FIELD	net/minecraft/client/gui/screens/friends/AbstractFriendsTab	I	SCROLLBAR_SPACING	field_1_7095
METHOD	net/minecraft/client/gui/screens/friends/AbstractFriendsTab	(Lnet/minecraft/network/chat/Component;Lnet/minecraft/client/gui/Font;I)Lnet/minecraft/client/gui/components/MultiLineTextWidget;	createCenteredText	method_1_6322
METHOD	net/minecraft/client/gui/screens/friends/AbstractFriendsTab	(Lnet/minecraft/network/chat/Component;Lnet/minecraft/client/gui/Font;I)Lnet/minecraft/client/gui/components/FocusableTextWidget;	createText	method_1_6323
METHOD	net/minecraft/client/gui/screens/friends/AbstractFriendsTab	()I	getListContentWidth	method_1_6324
METHOD	net/minecraft/client/gui/screens/options/OnlineOptionsScreen	(Lnet/minecraft/client/Minecraft;Ljava/lang/Runnable;Lnet/minecraft/client/gui/screens/Screen;Z)V	lambda$confirmFriendsListEnabled$0	method_1_6325
CLASS	net/minecraft/client/model/monster/slime/SmallSulfurCubeModel	class_1_1032
METHOD	net/minecraft/client/model/monster/slime/SmallSulfurCubeModel	()Lnet/minecraft/client/model/geom/builders/LayerDefinition;	createInnerBodyLayer	method_1_6326
METHOD	net/minecraft/client/model/monster/slime/SmallSulfurCubeModel	()Lnet/minecraft/client/model/geom/builders/LayerDefinition;	createOuterBodyLayer	method_1_6327
FIELD	net/minecraft/client/renderer/entity/layers/SulfurCubeInnerLayer	Lnet/minecraft/resources/Identifier;	SULFUR_CUBE_SMALL_INNER_LOCATION	field_1_7096
FIELD	net/minecraft/client/renderer/entity/layers/SulfurCubeInnerLayer	Lnet/minecraft/client/model/monster/slime/SulfurCubeModel;	smallModel	field_1_7097
FIELD	net/minecraft/world/level/levelgen/flat/FlatLevelGeneratorPresets	Lnet/minecraft/resources/ResourceKey;	TEST_WORLD	field_1_7098
FIELD	net/minecraft/network/protocol/login/ClientboundLoginFinishedPacket	Ljava/util/UUID;	sessionId	comp_1_890
METHOD	net/minecraft/client/gui/screens/social/RemoteFriendListUpdateHandler	(Lnet/minecraft/client/gui/components/toasts/FriendToast$SkinToastEmitter;Ljava/lang/String;Ljava/util/UUID;)V	lambda$emitToastWithSkin$0	method_1_6328
Done!
